[checkhasil.labparahita.com/ceklab/0621J01303-06-GSxVXqBD1giu5HivsykwKBlmIFYUrXb9EcBV870T.html]
[backblue.gif]
[fade.gif]
[index.html]
[checkhasil.labparahita.com/assets/img/favicon.png]
[anamnesa.labparahita.com/img/wwa.jpg]
[checkhasil.labparahita.com/assets/vendor/bootstrap/css/bootstrap.min.css]
[checkhasil.labparahita.com/assets/vendor/font-awesome/css/font-awesome.min.css]
[checkhasil.labparahita.com/assets/vendor/AdminLTE-2.4.3/css/AdminLTE.min.css]
[checkhasil.labparahita.com/assets/vendor/iCheck/square/blue.css]
[checkhasil.labparahita.com/assets/js-lib/jquery.signature.css]
[checkhasil.labparahita.com/assets/js-lib/jquery-ui.css]
[checkhasil.labparahita.com/assets/js-lib/jquery.signature.js]
[checkhasil.labparahita.com/assets/vendor/jquery/jquery.min.js]
[checkhasil.labparahita.com/assets/js-lib/jquery.ui.touch-punch.min.js]
[checkhasil.labparahita.com/assets/img/logo.png]
[checkhasil.labparahita.com/assets/img/sikil.png]
[checkhasil.labparahita.com/assets/js-lib/jquery.min.js]
[checkhasil.labparahita.com/assets/vendor/bootstrap/js/bootstrap.min.js]
[checkhasil.labparahita.com/assets/vendor/iCheck/icheck.min.js]
[checkhasil.labparahita.com/ceklab/0621J01303-06-GSxVXqBD1giu5HivsykwKBlmIFYUrXb9EcBV870T.html]
[checkhasil.labparahita.com/assets/vendor/bootstrap/css/bootstrap.min.css]
[checkhasil.labparahita.com/assets/vendor/font-awesome/css/font-awesome.min.css]
[checkhasil.labparahita.com/assets/vendor/AdminLTE-2.4.3/img/boxed-bg.jpg]
[checkhasil.labparahita.com/assets/vendor/AdminLTE-2.4.3/css/AdminLTE.min.css]
[checkhasil.labparahita.com/assets/vendor/iCheck/square/blue.png]
[checkhasil.labparahita.com/assets/vendor/iCheck/square/blue@2x.png]
[checkhasil.labparahita.com/assets/vendor/iCheck/square/blue.css]
[checkhasil.labparahita.com/assets/js-lib/jquery.signature.css]
[checkhasil.labparahita.com/assets/js-lib/jquery-ui.min.js]
[checkhasil.labparahita.com/assets/js-lib/jquery-ui.css]
[checkhasil.labparahita.com/assets/js-lib/images/ui-bg_highlight-hard_100_f5f3e5_1x100.html]
[checkhasil.labparahita.com/assets/js-lib/images/ui-bg_gloss-wave_100_ece8da_500x100.html]
[checkhasil.labparahita.com/assets/js-lib/images/ui-bg_highlight-hard_15_459e00_1x100.html]
[checkhasil.labparahita.com/assets/js-lib/images/ui-bg_highlight-soft_25_67b021_1x100.html]
[checkhasil.labparahita.com/assets/js-lib/images/ui-bg_highlight-hard_100_fafaf4_1x100.html]
[checkhasil.labparahita.com/assets/js-lib/images/ui-bg_glass_55_fcf0ba_1x400.html]
[checkhasil.labparahita.com/assets/js-lib/images/ui-bg_highlight-soft_95_ffedad_1x100.html]
[checkhasil.labparahita.com/assets/js-lib/images/ui-icons_808080_256x240.html]
[checkhasil.labparahita.com/assets/js-lib/images/ui-icons_847e71_256x240.html]
[checkhasil.labparahita.com/assets/js-lib/images/ui-icons_eeeeee_256x240.html]
[checkhasil.labparahita.com/assets/js-lib/images/ui-icons_ffffff_256x240.html]
[checkhasil.labparahita.com/assets/js-lib/images/ui-icons_8DC262_256x240.html]
[checkhasil.labparahita.com/assets/js-lib/images/ui-icons_cd0a0a_256x240.html]
[checkhasil.labparahita.com/assets/js-lib/images/ui-bg_inset-soft_15_2b2922_1x100.html]
[checkhasil.labparahita.com/assets/js-lib/images/ui-bg_highlight-hard_95_cccccc_1x100.html]
